L0005 0000           DEPTH: DOTEQU 8 ;
L0010 0000            ASEL: DOTFIELD 3 ;
L0011 0000            BSEL: DOTFIELD 3 ;
L0012 0000            DSEL: DOTFIELD 3 ;
L0013 0000            SSEL: DOTFIELD 4 ;
L0014 0000            HSEL: DOTFIELD 3 ;
L0015 0000            MUX1: DOTFIELD 1 ;
L0016 0000            MUX2: DOTFIELD 3 ;
L0017 0000            ADRS: DOTFIELD 8 ;
L0018 0000            MISC: DOTFIELD 4 ;
L0022 0000             INP: DOTEQU 0 ;
L0023 0000            NONE: DOTEQU 0 ;
L0024 0000              R1: DOTEQU 1 ;
L0025 0000              R2: DOTEQU 2 ;
L0026 0000              R3: DOTEQU 3 ;
L0027 0000              R4: DOTEQU 4 ;
L0028 0000              R5: DOTEQU 5 ;
L0029 0000              R6: DOTEQU 6 ;
L0030 0000              R7: DOTEQU 7 ;
L0035 0000             TSF: DOTEQU 0 ;
L0036 0000             INC: DOTEQU 1 ;
L0037 0000             ADD: DOTEQU 2 ;
L0038 0000             SUB: DOTEQU 5 ;
L0039 0000             DEC: DOTEQU 6 ;
L0040 0000             TRC: DOTEQU 7 ;
L0041 0000             AND: DOTEQU 8 ;
L0042 0000              OR: DOTEQU 10 ;
L0043 0000             XOR: DOTEQU 12 ;
L0044 0000             COM: DOTEQU 14 ;
L0049 0000             NSH: DOTEQU 0 ;
L0050 0000             SHL: DOTEQU 1 ;
L0051 0000             SHR: DOTEQU 2 ;
L0052 0000            ZERO: DOTEQU 3 ;
L0053 0000             RLC: DOTEQU 4 ;
L0054 0000             ROL: DOTEQU 5 ;
L0055 0000             ROR: DOTEQU 6 ;
L0056 0000             RRC: DOTEQU 7 ;
L0060 0000             INT: DOTEQU 0 ;
L0061 0000             EXT: DOTEQU 1 ;
L0065 0000            NEXT: DOTEQU 0 ;
L0066 0000             LAD: DOTEQU 1 ;
L0067 0000              LC: DOTEQU 2 ;
L0068 0000             LNC: DOTEQU 3 ;
L0069 0000              LZ: DOTEQU 4 ;
L0070 0000             LNZ: DOTEQU 5 ;
L0071 0000              LS: DOTEQU 6 ;
L0072 0000              LV: DOTEQU 7 ;
L0075 0000            READ: DOTEQU 1 ;
L0076 0000           WRITE: DOTEQU 2 ;
L0077 0000           LDMAR: DOTEQU 4 ;
L0078 0000            LDIR: DOTEQU 8 ;
L0079 0000           FETCH: DOTEQU 9 ;
L0080 0000           DEREF: DOTEQU 5 ;
L0082 0000                  DOTMODULE "NRLT_microcode_rom" ;
L0084 0000                  DOTORG 0 ;
L0085 0000              PC: DOTEQU 7 ;
L0086 0000              SP: DOTEQU 6 ;
L0087 0000              AC: DOTEQU 1 ;
L0088 0000               X: DOTEQU 2 ;
L0090 0000                  0 \ 0 \ 0 \ 0 \ 0 \ 0 \ 0 \ 0 \ 0  ;
L0091 0001           START: 7 \ 0 \ 7 \ 1 \ 0 \ 0 \ 0 \ 0 \ 4  ;
L0092 0002                  0 \ 0 \ 0 \ 0 \ 0 \ 0 \ 0 \ 0 \ 1  ;
L0093 0003                  0 \ 0 \ 0 \ 0 \ 0 \ 0 \ 0 \ 0 \ 9  ;
L0094 0004                  0 \ 0 \ 0 \ 0 \ 0 \ 1 \ 1 \ 0 \ 0  ;
L0096 0008                  DOTORG 8 ;
L0097 0008                  1 \ 0 \ 1 \ 1 \ 0 \ 0 \ 1 \ 1 \ 0  ;
L0099 0010                  DOTORG 16 ;
L0100 0010                  1 \ 0 \ 1 \ 14 \ 0 \ 0 \ 1 \ 1 \ 0  ;
L0102 0018                  DOTORG 24 ;
L0103 0018                  7 \ 0 \ 7 \ 1 \ 0 \ 0 \ 0 \ 0 \ 4  ;
L0104 0019                  0 \ 0 \ 0 \ 0 \ 0 \ 0 \ 0 \ 0 \ 1  ;
L0105 001A                  0 \ 0 \ 1 \ 0 \ 0 \ 0 \ 1 \ 1 \ 0  ;
L0107 0020                  DOTORG 32 ;
L0108 0020                  7 \ 0 \ 7 \ 1 \ 0 \ 0 \ 0 \ 0 \ 4  ;
L0109 0021                  0 \ 0 \ 0 \ 0 \ 0 \ 0 \ 0 \ 0 \ 1  ;
L0110 0022                  0 \ 1 \ 1 \ 2 \ 0 \ 0 \ 1 \ 1 \ 0  ;
L0112 0028                  DOTORG 40 ;
L0113 0028                  7 \ 0 \ 7 \ 1 \ 0 \ 0 \ 0 \ 0 \ 4  ;
L0114 0029                  0 \ 0 \ 0 \ 0 \ 0 \ 0 \ 0 \ 0 \ 1  ;
L0115 002A                  0 \ 0 \ 0 \ 0 \ 0 \ 0 \ 0 \ 0 \ 5  ;
L0116 002B                  0 \ 0 \ 0 \ 0 \ 0 \ 0 \ 0 \ 0 \ 1  ;
L0117 002C                  0 \ 0 \ 1 \ 0 \ 0 \ 0 \ 1 \ 1 \ 0  ;
L0119 0030                  DOTORG 48 ;
L0120 0030                  7 \ 0 \ 7 \ 1 \ 0 \ 0 \ 0 \ 0 \ 4  ;
L0121 0031                  0 \ 0 \ 0 \ 0 \ 0 \ 0 \ 0 \ 0 \ 1  ;
L0122 0032                  0 \ 0 \ 0 \ 0 \ 0 \ 0 \ 0 \ 0 \ 5  ;
L0123 0033                  1 \ 0 \ 0 \ 0 \ 0 \ 0 \ 0 \ 0 \ 2  ;
L0124 0034                  1 \ 0 \ 0 \ 0 \ 0 \ 0 \ 1 \ 1 \ 0  ;
L0126 0038                  DOTORG 56 ;
L0127 0038                  0 \ 0 \ 0 \ 0 \ 0 \ 0 \ 0 \ 0 \ 0  ;
L0128 0039                  0 \ 0 \ 0 \ 0 \ 0 \ 0 \ 1 \ 1 \ 0  ;
L0130 0040                  DOTORG 64 ;
L0131 0040                  1 \ 0 \ 1 \ 0 \ 0 \ 0 \ 4 \ 66 \ 0  ;
L0132 0041                  0 \ 0 \ 0 \ 0 \ 0 \ 0 \ 1 \ 1 \ 0  ;
L0133 0042            BE_Q: 7 \ 0 \ 7 \ 1 \ 0 \ 0 \ 0 \ 0 \ 4  ;
L0134 0043                  0 \ 0 \ 0 \ 0 \ 0 \ 0 \ 0 \ 0 \ 1  ;
L0135 0044                  0 \ 0 \ 7 \ 0 \ 0 \ 0 \ 1 \ 1 \ 0  ;
L0137 0048                  DOTORG 72 ;
L0138 0048                  0 \ 0 \ 0 \ 0 \ 0 \ 0 \ 6 \ 74 \ 0  ;
L0139 0049                  0 \ 0 \ 0 \ 0 \ 0 \ 0 \ 1 \ 1 \ 0  ;
L0140 004A            BM_I: 7 \ 0 \ 7 \ 1 \ 0 \ 0 \ 0 \ 0 \ 4  ;
L0141 004B                  0 \ 0 \ 0 \ 0 \ 0 \ 0 \ 0 \ 0 \ 1  ;
L0142 004C                  0 \ 0 \ 7 \ 0 \ 0 \ 0 \ 1 \ 1 \ 0  ;
L0144 0050                  DOTORG 80 ;
L0145 0050                  7 \ 0 \ 7 \ 1 \ 0 \ 0 \ 0 \ 0 \ 4  ;
L0146 0051                  0 \ 0 \ 0 \ 0 \ 0 \ 0 \ 0 \ 0 \ 1  ;
L0147 0052                  0 \ 0 \ 7 \ 0 \ 0 \ 0 \ 1 \ 1 \ 0  ;
L0149 0058                  DOTORG 88 ;
L0150 0058                  7 \ 0 \ 7 \ 1 \ 0 \ 0 \ 0 \ 0 \ 4  ;
L0151 0059                  0 \ 0 \ 0 \ 0 \ 0 \ 0 \ 0 \ 0 \ 1  ;
L0152 005A                  1 \ 0 \ 1 \ 5 \ 0 \ 0 \ 1 \ 1 \ 0  ;
L0154 0060                  DOTORG 96 ;
L0155 0060                  6 \ 0 \ 0 \ 0 \ 0 \ 0 \ 0 \ 0 \ 4  ;
L0156 0061                  7 \ 0 \ 0 \ 1 \ 0 \ 0 \ 0 \ 0 \ 2  ;
L0157 0062                  7 \ 0 \ 0 \ 1 \ 0 \ 0 \ 0 \ 0 \ 4  ;
L0158 0063                  0 \ 0 \ 0 \ 0 \ 0 \ 0 \ 0 \ 0 \ 1  ;
L0159 0064                  0 \ 0 \ 7 \ 0 \ 0 \ 0 \ 0 \ 0 \ 0  ;
L0160 0065                  6 \ 0 \ 6 \ 1 \ 0 \ 0 \ 1 \ 1 \ 0  ;
L0162 0068                  DOTORG 104 ;
L0163 0068                  6 \ 0 \ 6 \ 6 \ 0 \ 0 \ 0 \ 0 \ 0  ;
L0164 0069                  6 \ 0 \ 0 \ 0 \ 0 \ 0 \ 0 \ 0 \ 4  ;
L0165 006A                  0 \ 0 \ 0 \ 0 \ 0 \ 0 \ 0 \ 0 \ 1  ;
L0166 006B                  0 \ 0 \ 7 \ 0 \ 0 \ 0 \ 1 \ 1 \ 0  ;
L0168 0070                  DOTORG 112 ;
L0169 0070                  7 \ 0 \ 7 \ 1 \ 0 \ 0 \ 0 \ 0 \ 4  ;
L0170 0071                  0 \ 0 \ 0 \ 0 \ 0 \ 0 \ 0 \ 0 \ 1  ;
L0171 0072                  0 \ 0 \ 2 \ 0 \ 0 \ 0 \ 1 \ 1 \ 0  ;
L0173 0078                  DOTORG 120 ;
L0174 0078                  2 \ 0 \ 2 \ 1 \ 0 \ 0 \ 1 \ 1 \ 0  ;
L0176 0080                  DOTORG 128 ;
L0177 0080                  7 \ 0 \ 7 \ 1 \ 0 \ 0 \ 0 \ 0 \ 4  ;
L0178 0081                  0 \ 0 \ 0 \ 0 \ 0 \ 0 \ 0 \ 0 \ 1  ;
L0179 0082                  0 \ 0 \ 3 \ 0 \ 0 \ 0 \ 0 \ 0 \ 0  ;
L0180 0083                  3 \ 2 \ 4 \ 2 \ 0 \ 0 \ 0 \ 0 \ 0  ;
L0181 0084                  4 \ 0 \ 0 \ 0 \ 0 \ 0 \ 0 \ 0 \ 4  ;
L0182 0085                  0 \ 0 \ 0 \ 0 \ 0 \ 0 \ 0 \ 0 \ 1  ;
L0183 0086                  0 \ 1 \ 1 \ 2 \ 0 \ 0 \ 1 \ 1 \ 0  ;
L0185 0088                  DOTORG 136 ;
L0186 0088                  7 \ 0 \ 7 \ 1 \ 0 \ 0 \ 0 \ 0 \ 4  ;
L0187 0089                  0 \ 0 \ 0 \ 0 \ 0 \ 0 \ 0 \ 0 \ 1  ;
L0188 008A                  0 \ 0 \ 3 \ 0 \ 0 \ 0 \ 0 \ 0 \ 0  ;
L0189 008B                  3 \ 2 \ 4 \ 2 \ 0 \ 0 \ 0 \ 0 \ 0  ;
L0190 008C                  4 \ 0 \ 0 \ 0 \ 0 \ 0 \ 0 \ 0 \ 4  ;
L0191 008D                  0 \ 0 \ 0 \ 0 \ 0 \ 0 \ 0 \ 0 \ 1  ;
L0192 008E                  1 \ 0 \ 1 \ 5 \ 0 \ 0 \ 1 \ 1 \ 0  ;
L0194 0090                  DOTORG 144 ;
L0195 0090                  6 \ 0 \ 0 \ 0 \ 0 \ 0 \ 0 \ 0 \ 4  ;
L0196 0091                  1 \ 0 \ 0 \ 0 \ 0 \ 0 \ 0 \ 0 \ 2  ;
L0197 0092                  6 \ 0 \ 6 \ 1 \ 0 \ 0 \ 1 \ 1 \ 0  ;
L0199 0098                  DOTORG 152 ;
L0200 0098                  6 \ 0 \ 6 \ 6 \ 0 \ 0 \ 0 \ 0 \ 0  ;
L0201 0099                  6 \ 0 \ 0 \ 0 \ 0 \ 0 \ 0 \ 0 \ 4  ;
L0202 009A                  0 \ 0 \ 0 \ 0 \ 0 \ 0 \ 0 \ 0 \ 1  ;
L0203 009B                  0 \ 0 \ 1 \ 0 \ 0 \ 0 \ 1 \ 1 \ 0  ;
L0205 00FF                  DOTORG 255 ;
L0206 00FF                  0 \ 0 \ 0 \ 0 \ 0 \ 0 \ 0 \ 0 \ 0  ;
L0206 0100                  DOTEND  ;
